
Memory Configuration

Name             Origin             Length             Attributes
FLASH            0x08000000         0x00010000         xr
SRAM             0x20000000         0x00005000         xrw
*default*        0x00000000         0xffffffff

Linker script and memory map


.text           0x08000000      0x3e4
 *(.isr_vector)
 .isr_vector    0x08000000       0xec ./Output/startup_STM32F1.o
                0x08000000                vectors
 *(.text)
 .text          0x080000ec        0x0 ./Output/FLASH_Driver.o
 .text          0x080000ec       0x24 ./Output/GPIO_Driver.o
                0x080000ec                config_GPIOC
 .text          0x08000110        0x0 ./Output/I2C_Driver.o
 .text          0x08000110        0x0 ./Output/MPU_6050_Driver.o
 .text          0x08000110      0x194 ./Output/RCC_Driver.o
                0x08000110                config_RCC
 .text          0x080002a4       0x9c ./Output/TIM_Driver.o
                0x080002a4                config_TIM4
                0x080002e4                delayUs
                0x0800031c                toggle_led
 .text          0x08000340       0x16 ./Output/main.o
                0x08000340                main
 *fill*         0x08000356        0x2 
 .text          0x08000358       0x8c ./Output/startup_STM32F1.o
                0x08000358                Reset_Handler
                0x080003dc                EXTI2_IRQHandler
                0x080003dc                DebugMon_Handler
                0x080003dc                TIM1_CC_IRQHandler
                0x080003dc                HardFault_Handler
                0x080003dc                SysTick_Handler
                0x080003dc                PendSV_Handler
                0x080003dc                NMI_Handler
                0x080003dc                EXTI3_IRQHandler
                0x080003dc                EXTI0_IRQHandler
                0x080003dc                I2C2_EV_IRQHandler
                0x080003dc                UsageFault_Handler
                0x080003dc                ADC1_2_IRQHandler
                0x080003dc                SPI1_IRQHandler
                0x080003dc                TAMPER_IRQHandler
                0x080003dc                DMA1_Channel4_IRQHandler
                0x080003dc                USART3_IRQHandler
                0x080003dc                RTC_IRQHandler
                0x080003dc                DMA1_Channel7_IRQHandler
                0x080003dc                RTC_Alarm_IRQHandler
                0x080003dc                CAN1_RX1_IRQHandler
                0x080003dc                TIM4_IRQHandler
                0x080003dc                I2C1_EV_IRQHandler
                0x080003dc                DMA1_Channel6_IRQHandler
                0x080003dc                TIM3_IRQHandler
                0x080003dc                RCC_IRQHandler
                0x080003dc                TIM1_TRG_COM_IRQHandler
                0x080003dc                DMA1_Channel1_IRQHandler
                0x080003dc                Default_Handler
                0x080003dc                EXTI15_10_IRQHandler
                0x080003dc                EXTI9_5_IRQHandler
                0x080003dc                SPI2_IRQHandler
                0x080003dc                MemManage_Handler
                0x080003dc                SVC_Handler
                0x080003dc                DMA1_Channel5_IRQHandler
                0x080003dc                EXTI4_IRQHandler
                0x080003dc                USB_LP_CAN1_RX0_IRQHandler
                0x080003dc                USB_HP_CAN1_TX_IRQHandler
                0x080003dc                DMA1_Channel3_IRQHandler
                0x080003dc                TIM1_UP_IRQHandler
                0x080003dc                WWDG_IRQHandler
                0x080003dc                TIM2_IRQHandler
                0x080003dc                PVD_Handler
                0x080003dc                TIM1_BRK_IRQHandler
                0x080003dc                EXTI1_IRQHandler
                0x080003dc                USART2_IRQHandler
                0x080003dc                I2C2_ER_IRQHandler
                0x080003dc                DMA1_Channel2_IRQHandler
                0x080003dc                CAN1_SCE_IRQHandler
                0x080003dc                FLASH_IRQHandler
                0x080003dc                BusFault_Handler
                0x080003dc                USART1_IRQHandler
                0x080003dc                I2C1_ER_IRQHandler
                0x080003dc                USBWakeUp_IRQHandler
 *(.rodata)
                0x080003e4                . = ALIGN (0x4)
                0x080003e4                _etext = .
                0x080003e4                _la_data = LOADADDR (.data)

.glue_7         0x080003e4        0x0
 .glue_7        0x080003e4        0x0 linker stubs

.glue_7t        0x080003e4        0x0
 .glue_7t       0x080003e4        0x0 linker stubs

.vfp11_veneer   0x080003e4        0x0
 .vfp11_veneer  0x080003e4        0x0 linker stubs

.v4_bx          0x080003e4        0x0
 .v4_bx         0x080003e4        0x0 linker stubs

.iplt           0x080003e4        0x0
 .iplt          0x080003e4        0x0 ./Output/TIM_Driver.o

.rel.dyn        0x080003e4        0x0
 .rel.iplt      0x080003e4        0x0 ./Output/TIM_Driver.o

.data           0x20000000        0x0 load address 0x080003e4
                0x20000000                _sdata = .
 *(.data)
 .data          0x20000000        0x0 ./Output/FLASH_Driver.o
 .data          0x20000000        0x0 ./Output/GPIO_Driver.o
 .data          0x20000000        0x0 ./Output/I2C_Driver.o
 .data          0x20000000        0x0 ./Output/MPU_6050_Driver.o
 .data          0x20000000        0x0 ./Output/RCC_Driver.o
 .data          0x20000000        0x0 ./Output/TIM_Driver.o
 .data          0x20000000        0x0 ./Output/main.o
 .data          0x20000000        0x0 ./Output/startup_STM32F1.o
                0x20000000                . = ALIGN (0x4)
                0x20000000                _edata = .

.igot.plt       0x20000000        0x0 load address 0x080003e4
 .igot.plt      0x20000000        0x0 ./Output/TIM_Driver.o

.bss            0x20000000        0x0 load address 0x080003e4
                0x20000000                _sbss = .
 *(.bss)
 .bss           0x20000000        0x0 ./Output/FLASH_Driver.o
 .bss           0x20000000        0x0 ./Output/GPIO_Driver.o
 .bss           0x20000000        0x0 ./Output/I2C_Driver.o
 .bss           0x20000000        0x0 ./Output/MPU_6050_Driver.o
 .bss           0x20000000        0x0 ./Output/RCC_Driver.o
 .bss           0x20000000        0x0 ./Output/TIM_Driver.o
 .bss           0x20000000        0x0 ./Output/main.o
 .bss           0x20000000        0x0 ./Output/startup_STM32F1.o
 *(.COMMON)
                0x20000000                . = ALIGN (0x4)
                0x20000000                _ebss = .
LOAD ./Output/FLASH_Driver.o
LOAD ./Output/GPIO_Driver.o
LOAD ./Output/I2C_Driver.o
LOAD ./Output/MPU_6050_Driver.o
LOAD ./Output/RCC_Driver.o
LOAD ./Output/TIM_Driver.o
LOAD ./Output/main.o
LOAD ./Output/startup_STM32F1.o
OUTPUT(./Bin/mpu_6050.elf elf32-littlearm)
LOAD linker stubs

.debug_info     0x00000000      0x79c
 .debug_info    0x00000000       0x33 ./Output/FLASH_Driver.o
 .debug_info    0x00000033       0xc3 ./Output/GPIO_Driver.o
 .debug_info    0x000000f6      0x1e5 ./Output/RCC_Driver.o
 .debug_info    0x000002db      0x31c ./Output/TIM_Driver.o
 .debug_info    0x000005f7       0x4d ./Output/main.o
 .debug_info    0x00000644      0x158 ./Output/startup_STM32F1.o

.debug_abbrev   0x00000000      0x372
 .debug_abbrev  0x00000000       0x1b ./Output/FLASH_Driver.o
 .debug_abbrev  0x0000001b       0x80 ./Output/GPIO_Driver.o
 .debug_abbrev  0x0000009b      0x100 ./Output/RCC_Driver.o
 .debug_abbrev  0x0000019b       0xc7 ./Output/TIM_Driver.o
 .debug_abbrev  0x00000262       0x39 ./Output/main.o
 .debug_abbrev  0x0000029b       0xd7 ./Output/startup_STM32F1.o

.debug_aranges  0x00000000       0xb8
 .debug_aranges
                0x00000000       0x18 ./Output/FLASH_Driver.o
 .debug_aranges
                0x00000018       0x20 ./Output/GPIO_Driver.o
 .debug_aranges
                0x00000038       0x20 ./Output/RCC_Driver.o
 .debug_aranges
                0x00000058       0x20 ./Output/TIM_Driver.o
 .debug_aranges
                0x00000078       0x20 ./Output/main.o
 .debug_aranges
                0x00000098       0x20 ./Output/startup_STM32F1.o

.debug_line     0x00000000      0x411
 .debug_line    0x00000000       0x1d ./Output/FLASH_Driver.o
 .debug_line    0x0000001d       0x7c ./Output/GPIO_Driver.o
 .debug_line    0x00000099        0x0 ./Output/I2C_Driver.o
 .debug_line    0x00000099        0x0 ./Output/MPU_6050_Driver.o
 .debug_line    0x00000099      0x183 ./Output/RCC_Driver.o
 .debug_line    0x0000021c       0xd4 ./Output/TIM_Driver.o
 .debug_line    0x000002f0       0x54 ./Output/main.o
 .debug_line    0x00000344       0xcd ./Output/startup_STM32F1.o

.debug_str      0x00000000      0x451
 .debug_str     0x00000000       0xc2 ./Output/FLASH_Driver.o
                                 0xcf (size before relaxing)
 .debug_str     0x000000c2       0x44 ./Output/GPIO_Driver.o
                                 0xf1 (size before relaxing)
 .debug_str     0x00000106       0x1e ./Output/I2C_Driver.o
                                 0x9d (size before relaxing)
 .debug_str     0x00000124       0x28 ./Output/MPU_6050_Driver.o
                                 0xa7 (size before relaxing)
 .debug_str     0x0000014c       0xe6 ./Output/RCC_Driver.o
                                0x198 (size before relaxing)
 .debug_str     0x00000232      0x156 ./Output/TIM_Driver.o
                                0x21a (size before relaxing)
 .debug_str     0x00000388       0x1e ./Output/main.o
                                 0xcb (size before relaxing)
 .debug_str     0x000003a6       0xab ./Output/startup_STM32F1.o
                                0x17f (size before relaxing)

.comment        0x00000000       0x49
 .comment       0x00000000       0x49 ./Output/FLASH_Driver.o
                                 0x4a (size before relaxing)
 .comment       0x00000049       0x4a ./Output/GPIO_Driver.o
 .comment       0x00000049       0x4a ./Output/I2C_Driver.o
 .comment       0x00000049       0x4a ./Output/MPU_6050_Driver.o
 .comment       0x00000049       0x4a ./Output/RCC_Driver.o
 .comment       0x00000049       0x4a ./Output/TIM_Driver.o
 .comment       0x00000049       0x4a ./Output/main.o
 .comment       0x00000049       0x4a ./Output/startup_STM32F1.o

.ARM.attributes
                0x00000000       0x2d
 .ARM.attributes
                0x00000000       0x2d ./Output/FLASH_Driver.o
 .ARM.attributes
                0x0000002d       0x2d ./Output/GPIO_Driver.o
 .ARM.attributes
                0x0000005a       0x2d ./Output/I2C_Driver.o
 .ARM.attributes
                0x00000087       0x2d ./Output/MPU_6050_Driver.o
 .ARM.attributes
                0x000000b4       0x2d ./Output/RCC_Driver.o
 .ARM.attributes
                0x000000e1       0x2d ./Output/TIM_Driver.o
 .ARM.attributes
                0x0000010e       0x2d ./Output/main.o
 .ARM.attributes
                0x0000013b       0x2d ./Output/startup_STM32F1.o

.debug_frame    0x00000000      0x1ac
 .debug_frame   0x00000000       0x30 ./Output/GPIO_Driver.o
 .debug_frame   0x00000030       0x90 ./Output/RCC_Driver.o
 .debug_frame   0x000000c0       0x74 ./Output/TIM_Driver.o
 .debug_frame   0x00000134       0x2c ./Output/main.o
 .debug_frame   0x00000160       0x4c ./Output/startup_STM32F1.o
